prints-layout/antigravity/src/components/Sidebar.tsx(235,32): error TS2339: Property 'action' does not exist on type '{ name: string; icon: ForwardRefExoticComponent<Omit<LucideProps, "ref"> & RefAttributes<SVGSVGElement>>; id: string; action: () => void; } | { ...; } | { ...; } | { ...; }'.
  Property 'action' does not exist on type '{ name: string; icon: ForwardRefExoticComponent<Omit<LucideProps, "ref"> & RefAttributes<SVGSVGElement>>; id: string; badge: string; }'.
prints-layout/antigravity/src/components/Sidebar.tsx(236,30): error TS2339: Property 'action' does not exist on type '{ name: string; icon: ForwardRefExoticComponent<Omit<LucideProps, "ref"> & RefAttributes<SVGSVGElement>>; id: string; action: () => void; } | { ...; } | { ...; } | { ...; }'.
  Property 'action' does not exist on type '{ name: string; icon: ForwardRefExoticComponent<Omit<LucideProps, "ref"> & RefAttributes<SVGSVGElement>>; id: string; badge: string; }'.
prints-layout/antigravity/src/components/Sidebar.tsx(251,41): error TS2339: Property 'badge' does not exist on type '{ name: string; icon: ForwardRefExoticComponent<Omit<LucideProps, "ref"> & RefAttributes<SVGSVGElement>>; id: string; action: () => void; } | { ...; } | { ...; } | { ...; }'.
  Property 'badge' does not exist on type '{ name: string; icon: ForwardRefExoticComponent<Omit<LucideProps, "ref"> & RefAttributes<SVGSVGElement>>; id: string; action: () => void; }'.
prints-layout/antigravity/src/components/Sidebar.tsx(253,31): error TS2339: Property 'badge' does not exist on type '{ name: string; icon: ForwardRefExoticComponent<Omit<LucideProps, "ref"> & RefAttributes<SVGSVGElement>>; id: string; action: () => void; } | { ...; } | { ...; } | { ...; }'.
  Property 'badge' does not exist on type '{ name: string; icon: ForwardRefExoticComponent<Omit<LucideProps, "ref"> & RefAttributes<SVGSVGElement>>; id: string; action: () => void; }'.
src/components/AdminPanel.tsx(169,56): error TS2345: Argument of type '"pro_monthly"' is not assignable to parameter of type 'SubscriptionPlan | (() => SubscriptionPlan)'.
src/components/AdminPanel.tsx(341,23): error TS2339: Property 'role' does not exist on type 'UserProfile'.
src/components/AdminPanel.tsx(341,45): error TS2339: Property 'role' does not exist on type 'UserProfile'.
src/components/AdminPanel.tsx(342,23): error TS2339: Property 'role' does not exist on type 'UserProfile'.
src/components/AdminPanel.tsx(342,45): error TS2339: Property 'role' does not exist on type 'UserProfile'.
src/components/AdminPanel.tsx(536,59): error TS2339: Property 'role' does not exist on type 'UserProfile'.
src/components/AdminPanel.tsx(547,58): error TS2339: Property 'role' does not exist on type 'UserProfile'.
src/components/AdminPanel.tsx(553,59): error TS2339: Property 'role' does not exist on type 'UserProfile'.
src/components/AdminPanel.tsx(565,59): error TS2339: Property 'consultationCount' does not exist on type 'UserProfile'.
src/components/AdminPanel.tsx(565,96): error TS2339: Property 'studyCount' does not exist on type 'UserProfile'.
src/components/AdminPanel.tsx(572,59): error TS2339: Property 'role' does not exist on type 'UserProfile'.
src/components/AdminPanel.tsx(578,112): error TS2345: Argument of type '"pro_monthly"' is not assignable to parameter of type 'SubscriptionPlan'.
src/components/AdminPanel.tsx(579,112): error TS2345: Argument of type '"pro_monthly"' is not assignable to parameter of type 'SubscriptionPlan'.
src/components/AdminPanel.tsx(580,112): error TS2345: Argument of type '"student_monthly"' is not assignable to parameter of type 'SubscriptionPlan'.
src/components/AdminPanel.tsx(581,112): error TS2345: Argument of type '"pro_monthly"' is not assignable to parameter of type 'SubscriptionPlan'.
src/components/AssistantChatDrawer.tsx(3,10): error TS2305: Module '"../types"' has no exported member 'Message'.
src/components/AssistantChatDrawer.tsx(146,42): error TS7006: Parameter 'para' implicitly has an 'any' type.
src/components/AssistantChatDrawer.tsx(146,48): error TS7006: Parameter 'idx' implicitly has an 'any' type.
src/components/ClientRegistration.tsx(54,21): error TS2339: Property 'role' does not exist on type 'UserProfile'.
src/components/DivinationModal.tsx(3,10): error TS2305: Module '"../types"' has no exported member 'DivinationResult'.
src/components/DivinationModal.tsx(192,55): error TS7006: Parameter 'val' implicitly has an 'any' type.
src/components/DivinationModal.tsx(192,60): error TS7006: Parameter 'idx' implicitly has an 'any' type.
src/components/DivinationModal.tsx(207,56): error TS7006: Parameter 'val' implicitly has an 'any' type.
src/components/DivinationModal.tsx(207,61): error TS7006: Parameter 'idx' implicitly has an 'any' type.
src/components/DivinationModal.tsx(224,55): error TS7006: Parameter 'val' implicitly has an 'any' type.
src/components/DivinationModal.tsx(224,60): error TS7006: Parameter 'idx' implicitly has an 'any' type.
src/components/DivinationModal.tsx(242,59): error TS7006: Parameter 'paragraph' implicitly has an 'any' type.
src/components/DivinationModal.tsx(242,70): error TS7006: Parameter 'index' implicitly has an 'any' type.
src/components/DivinationModal.tsx(255,37): error TS7006: Parameter 'item' implicitly has an 'any' type.
src/components/DivinationModal.tsx(255,43): error TS7006: Parameter 'key' implicitly has an 'any' type.
src/components/HerbIdentifier.tsx(151,18): error TS2339: Property 'classification' does not exist on type 'HerbInfo'.
src/components/HerbIdentifier.tsx(232,65): error TS2339: Property 'element' does not exist on type 'HerbInfo'.
src/components/HerbIdentifier.tsx(239,65): error TS2339: Property 'classification' does not exist on type 'HerbInfo'.
src/components/HerbIdentifier.tsx(287,94): error TS2339: Property 'classification' does not exist on type 'HerbInfo'.
src/components/HerbIdentifier.tsx(289,90): error TS2339: Property 'element' does not exist on type 'HerbInfo'.
src/components/HerbIdentifier.tsx(290,110): error TS2339: Property 'element' does not exist on type 'HerbInfo'.
src/components/HerbIdentifier.tsx(318,80): error TS2339: Property 'orishas' does not exist on type 'HerbInfo'.
src/components/HerbIdentifier.tsx(318,94): error TS7006: Parameter 'o' implicitly has an 'any' type.
src/components/HerbIdentifier.tsx(318,97): error TS7006: Parameter 'idx' implicitly has an 'any' type.
src/components/HerbIdentifier.tsx(328,119): error TS2339: Property 'liturgy' does not exist on type 'HerbInfo'.
src/components/Sidebar.tsx(235,32): error TS2339: Property 'action' does not exist on type '{ name: string; icon: LucideIcon; id: string; action: () => void; } | { name: string; icon: LucideIcon; id: string; action?: undefined; } | { name: string; icon: LucideIcon; id: string; badge: string; } | { ...; }'.
  Property 'action' does not exist on type '{ name: string; icon: LucideIcon; id: string; badge: string; }'.
src/components/Sidebar.tsx(236,30): error TS2339: Property 'action' does not exist on type '{ name: string; icon: LucideIcon; id: string; action: () => void; } | { name: string; icon: LucideIcon; id: string; action?: undefined; } | { name: string; icon: LucideIcon; id: string; badge: string; } | { ...; }'.
  Property 'action' does not exist on type '{ name: string; icon: LucideIcon; id: string; badge: string; }'.
src/components/Sidebar.tsx(251,41): error TS2339: Property 'badge' does not exist on type '{ name: string; icon: LucideIcon; id: string; action: () => void; } | { name: string; icon: LucideIcon; id: string; action?: undefined; } | { name: string; icon: LucideIcon; id: string; badge: string; } | { ...; }'.
  Property 'badge' does not exist on type '{ name: string; icon: LucideIcon; id: string; action: () => void; }'.
src/components/Sidebar.tsx(253,31): error TS2339: Property 'badge' does not exist on type '{ name: string; icon: LucideIcon; id: string; action: () => void; } | { name: string; icon: LucideIcon; id: string; action?: undefined; } | { name: string; icon: LucideIcon; id: string; badge: string; } | { ...; }'.
  Property 'badge' does not exist on type '{ name: string; icon: LucideIcon; id: string; action: () => void; }'.
src/data/herbs.ts(12,9): error TS2353: Object literal may only specify known properties, and 'classification' does not exist in type 'HerbInfo'.
src/data/herbs.ts(23,9): error TS2353: Object literal may only specify known properties, and 'classification' does not exist in type 'HerbInfo'.
src/data/herbs.ts(34,9): error TS2353: Object literal may only specify known properties, and 'classification' does not exist in type 'HerbInfo'.
src/data/herbs.ts(45,9): error TS2353: Object literal may only specify known properties, and 'classification' does not exist in type 'HerbInfo'.
src/data/herbs.ts(56,9): error TS2353: Object literal may only specify known properties, and 'classification' does not exist in type 'HerbInfo'.
src/data/herbs.ts(67,9): error TS2353: Object literal may only specify known properties, and 'classification' does not exist in type 'HerbInfo'.
src/data/herbs.ts(78,9): error TS2353: Object literal may only specify known properties, and 'classification' does not exist in type 'HerbInfo'.
src/data/herbs.ts(89,9): error TS2353: Object literal may only specify known properties, and 'classification' does not exist in type 'HerbInfo'.
src/data/herbs.ts(100,9): error TS2353: Object literal may only specify known properties, and 'classification' does not exist in type 'HerbInfo'.
src/data/herbs.ts(111,9): error TS2353: Object literal may only specify known properties, and 'classification' does not exist in type 'HerbInfo'.
src/data/herbs.ts(122,9): error TS2353: Object literal may only specify known properties, and 'classification' does not exist in type 'HerbInfo'.
src/data/herbs.ts(133,9): error TS2353: Object literal may only specify known properties, and 'classification' does not exist in type 'HerbInfo'.
src/data/herbs.ts(144,9): error TS2353: Object literal may only specify known properties, and 'classification' does not exist in type 'HerbInfo'.
src/data/herbs.ts(155,9): error TS2353: Object literal may only specify known properties, and 'classification' does not exist in type 'HerbInfo'.
src/data/herbs.ts(166,9): error TS2353: Object literal may only specify known properties, and 'classification' does not exist in type 'HerbInfo'.
src/data/herbs.ts(177,9): error TS2353: Object literal may only specify known properties, and 'classification' does not exist in type 'HerbInfo'.
src/services/AuthContext.tsx(45,66): error TS2339: Property 'consultationCount' does not exist on type 'UserProfile'.
src/services/AuthContext.tsx(45,105): error TS2339: Property 'studyCount' does not exist on type 'UserProfile'.
src/services/AuthContext.tsx(84,90): error TS2367: This comparison appears to be unintentional because the types '"pro_annual" | "pro_semester"' and '"student_monthly"' have no overlap.
src/services/AuthContext.tsx(84,125): error TS2367: This comparison appears to be unintentional because the types '"pro_annual" | "pro_semester"' and '"pro_monthly"' have no overlap.
src/services/AuthContext.tsx(111,25): error TS2353: Object literal may only specify known properties, and 'role' does not exist in type 'UserProfile'.
src/services/AuthContext.tsx(123,31): error TS18047: 'profile' is possibly 'null'.
src/services/AuthContext.tsx(123,64): error TS18047: 'profile' is possibly 'null'.
src/services/AuthContext.tsx(123,72): error TS2339: Property 'role' does not exist on type 'UserProfile'.
src/services/AuthContext.tsx(124,45): error TS2353: Object literal may only specify known properties, and 'role' does not exist in type 'UserProfile'.
vyttai-studio-ai/prisma/seed.ts(1,30): error TS2307: Cannot find module '@prisma/client' or its corresponding type declarations.
vyttai-studio-ai/src/app.ts(1,18): error TS2307: Cannot find module 'cors' or its corresponding type declarations.
vyttai-studio-ai/src/app.ts(2,21): error TS2307: Cannot find module 'express' or its corresponding type declarations.
vyttai-studio-ai/src/app.ts(22,21): error TS7006: Parameter '_req' implicitly has an 'any' type.
vyttai-studio-ai/src/app.ts(22,27): error TS7006: Parameter 'res' implicitly has an 'any' type.
vyttai-studio-ai/src/core/config/env.ts(2,19): error TS2307: Cannot find module 'zod' or its corresponding type declarations.
vyttai-studio-ai/src/core/database/prisma.ts(1,30): error TS2307: Cannot find module '@prisma/client' or its corresponding type declarations.
vyttai-studio-ai/src/core/orchestrator/campaign-orchestrator.ts(72,48): error TS7006: Parameter 'product' implicitly has an 'any' type.
vyttai-studio-ai/src/middlewares/error-handler.ts(1,42): error TS2307: Cannot find module 'express' or its corresponding type declarations.
vyttai-studio-ai/src/middlewares/error-handler.ts(2,26): error TS2307: Cannot find module 'zod' or its corresponding type declarations.
vyttai-studio-ai/src/middlewares/error-handler.ts(4,51): error TS7006: Parameter 'error' implicitly has an 'any' type.
vyttai-studio-ai/src/middlewares/error-handler.ts(4,58): error TS7006: Parameter '_req' implicitly has an 'any' type.
vyttai-studio-ai/src/middlewares/error-handler.ts(4,64): error TS7006: Parameter 'res' implicitly has an 'any' type.
vyttai-studio-ai/src/middlewares/error-handler.ts(4,69): error TS7006: Parameter '_next' implicitly has an 'any' type.
vyttai-studio-ai/src/modules/approval/approval.routes.ts(1,24): error TS2307: Cannot find module 'express' or its corresponding type declarations.
vyttai-studio-ai/src/modules/approval/approval.routes.ts(2,19): error TS2307: Cannot find module 'zod' or its corresponding type declarations.
vyttai-studio-ai/src/modules/approval/approval.routes.ts(17,33): error TS7006: Parameter 'req' implicitly has an 'any' type.
vyttai-studio-ai/src/modules/approval/approval.routes.ts(17,38): error TS7006: Parameter 'res' implicitly has an 'any' type.
vyttai-studio-ai/src/modules/approval/approval.routes.ts(17,43): error TS7006: Parameter 'next' implicitly has an 'any' type.
vyttai-studio-ai/src/modules/brand-brain/brand-brain.routes.ts(1,24): error TS2307: Cannot find module 'express' or its corresponding type declarations.
vyttai-studio-ai/src/modules/brand-brain/brand-brain.routes.ts(2,19): error TS2307: Cannot find module 'zod' or its corresponding type declarations.
vyttai-studio-ai/src/modules/brand-brain/brand-brain.routes.ts(17,42): error TS7006: Parameter 'req' implicitly has an 'any' type.
vyttai-studio-ai/src/modules/brand-brain/brand-brain.routes.ts(17,47): error TS7006: Parameter 'res' implicitly has an 'any' type.
vyttai-studio-ai/src/modules/brand-brain/brand-brain.routes.ts(17,52): error TS7006: Parameter 'next' implicitly has an 'any' type.
vyttai-studio-ai/src/modules/brand/brand.routes.ts(1,24): error TS2307: Cannot find module 'express' or its corresponding type declarations.
vyttai-studio-ai/src/modules/brand/brand.routes.ts(7,29): error TS7006: Parameter '_req' implicitly has an 'any' type.
vyttai-studio-ai/src/modules/brand/brand.routes.ts(7,35): error TS7006: Parameter 'res' implicitly has an 'any' type.
vyttai-studio-ai/src/modules/brand/brand.routes.ts(7,40): error TS7006: Parameter 'next' implicitly has an 'any' type.
vyttai-studio-ai/src/modules/brand/brand.routes.ts(19,32): error TS7006: Parameter 'req' implicitly has an 'any' type.
vyttai-studio-ai/src/modules/brand/brand.routes.ts(19,37): error TS7006: Parameter 'res' implicitly has an 'any' type.
vyttai-studio-ai/src/modules/brand/brand.routes.ts(19,42): error TS7006: Parameter 'next' implicitly has an 'any' type.
vyttai-studio-ai/src/modules/campaign/campaign.routes.ts(1,24): error TS2307: Cannot find module 'express' or its corresponding type declarations.
vyttai-studio-ai/src/modules/campaign/campaign.routes.ts(2,19): error TS2307: Cannot find module 'zod' or its corresponding type declarations.
vyttai-studio-ai/src/modules/campaign/campaign.routes.ts(18,33): error TS7006: Parameter 'req' implicitly has an 'any' type.
vyttai-studio-ai/src/modules/campaign/campaign.routes.ts(18,38): error TS7006: Parameter 'res' implicitly has an 'any' type.
vyttai-studio-ai/src/modules/campaign/campaign.routes.ts(18,43): error TS7006: Parameter 'next' implicitly has an 'any' type.
vyttai-studio-ai/src/modules/campaign/campaign.routes.ts(32,40): error TS7006: Parameter 'req' implicitly has an 'any' type.
vyttai-studio-ai/src/modules/campaign/campaign.routes.ts(32,45): error TS7006: Parameter 'res' implicitly has an 'any' type.
vyttai-studio-ai/src/modules/campaign/campaign.routes.ts(32,50): error TS7006: Parameter 'next' implicitly has an 'any' type.
vyttai-studio-ai/src/modules/insights/insights.routes.ts(1,24): error TS2307: Cannot find module 'express' or its corresponding type declarations.
vyttai-studio-ai/src/modules/insights/insights.routes.ts(7,46): error TS7006: Parameter 'req' implicitly has an 'any' type.
vyttai-studio-ai/src/modules/insights/insights.routes.ts(7,51): error TS7006: Parameter 'res' implicitly has an 'any' type.
vyttai-studio-ai/src/modules/insights/insights.routes.ts(7,56): error TS7006: Parameter 'next' implicitly has an 'any' type.
vyttai-studio-ai/src/modules/insights/insights.service.ts(46,38): error TS7006: Parameter 'run' implicitly has an 'any' type.
vyttai-studio-ai/src/modules/insights/insights.service.ts(47,35): error TS7006: Parameter 'run' implicitly has an 'any' type.
vyttai-studio-ai/src/modules/insights/insights.service.ts(48,43): error TS7006: Parameter 'output' implicitly has an 'any' type.
vyttai-studio-ai/src/modules/insights/insights.service.ts(49,43): error TS7006: Parameter 'output' implicitly has an 'any' type.
vyttai-studio-ai/src/modules/insights/insights.service.ts(50,43): error TS7006: Parameter 'output' implicitly has an 'any' type.
vyttai-studio-ai/src/modules/insights/insights.service.ts(51,47): error TS7006: Parameter 'event' implicitly has an 'any' type.
vyttai-studio-ai/src/modules/insights/insights.service.ts(53,11): error TS7006: Parameter 'event' implicitly has an 'any' type.
vyttai-studio-ai/src/modules/insights/insights.service.ts(54,14): error TS7006: Parameter 'score' implicitly has an 'any' type.
vyttai-studio-ai/src/modules/insights/insights.service.ts(67,48): error TS7006: Parameter 'run' implicitly has an 'any' type.
vyttai-studio-ai/src/modules/insights/insights.service.ts(72,60): error TS7006: Parameter 'event' implicitly has an 'any' type.
vyttai-studio-ai/src/modules/insights/insights.service.ts(73,50): error TS7006: Parameter 'event' implicitly has an 'any' type.
vyttai-studio-ai/src/modules/memory/memory.routes.ts(1,24): error TS2307: Cannot find module 'express' or its corresponding type declarations.
vyttai-studio-ai/src/modules/memory/memory.routes.ts(2,19): error TS2307: Cannot find module 'zod' or its corresponding type declarations.
vyttai-studio-ai/src/modules/memory/memory.routes.ts(15,37): error TS7006: Parameter 'req' implicitly has an 'any' type.
vyttai-studio-ai/src/modules/memory/memory.routes.ts(15,42): error TS7006: Parameter 'res' implicitly has an 'any' type.
vyttai-studio-ai/src/modules/memory/memory.routes.ts(15,47): error TS7006: Parameter 'next' implicitly has an 'any' type.
vyttai-studio-ai/src/modules/memory/memory.routes.ts(26,51): error TS7006: Parameter 'req' implicitly has an 'any' type.
vyttai-studio-ai/src/modules/memory/memory.routes.ts(26,56): error TS7006: Parameter 'res' implicitly has an 'any' type.
vyttai-studio-ai/src/modules/memory/memory.routes.ts(26,61): error TS7006: Parameter 'next' implicitly has an 'any' type.
vyttai-studio-ai/src/modules/observability/observability.routes.ts(1,24): error TS2307: Cannot find module 'express' or its corresponding type declarations.
vyttai-studio-ai/src/modules/observability/observability.routes.ts(7,62): error TS7006: Parameter 'req' implicitly has an 'any' type.
vyttai-studio-ai/src/modules/observability/observability.routes.ts(7,67): error TS7006: Parameter 'res' implicitly has an 'any' type.
vyttai-studio-ai/src/modules/observability/observability.routes.ts(7,72): error TS7006: Parameter 'next' implicitly has an 'any' type.
vyttai-studio-ai/src/modules/observability/observability.routes.ts(17,57): error TS7006: Parameter 'req' implicitly has an 'any' type.
vyttai-studio-ai/src/modules/observability/observability.routes.ts(17,62): error TS7006: Parameter 'res' implicitly has an 'any' type.
vyttai-studio-ai/src/modules/observability/observability.routes.ts(17,67): error TS7006: Parameter 'next' implicitly has an 'any' type.
vyttai-studio-ai/src/modules/workspace/workspace.routes.ts(1,24): error TS2307: Cannot find module 'express' or its corresponding type declarations.
vyttai-studio-ai/src/modules/workspace/workspace.routes.ts(7,40): error TS7006: Parameter '_req' implicitly has an 'any' type.
vyttai-studio-ai/src/modules/workspace/workspace.routes.ts(7,46): error TS7006: Parameter 'res' implicitly has an 'any' type.
vyttai-studio-ai/src/modules/workspace/workspace.routes.ts(7,51): error TS7006: Parameter 'next' implicitly has an 'any' type.
